[debug] [2026-03-22T17:33:12.569Z] ----------------------------------------------------------------------
[debug] [2026-03-22T17:33:12.577Z] Command:       /home/anil/.nvm/versions/node/v22.22.0/bin/node /home/anil/mar_1/CricketPredictionApp/functions/node_modules/.bin/firebase deploy --only functions
[debug] [2026-03-22T17:33:12.579Z] CLI Version:   15.11.0
[debug] [2026-03-22T17:33:12.580Z] Platform:      linux
[debug] [2026-03-22T17:33:12.580Z] Node Version:  v22.22.0
[debug] [2026-03-22T17:33:12.581Z] Time:          Sun Mar 22 2026 23:03:12 GMT+0530 (India Standard Time)
[debug] [2026-03-22T17:33:12.581Z] ----------------------------------------------------------------------
[debug] 
[debug] [2026-03-22T17:33:17.669Z] > command requires scopes: ["email","openid","https://www.googleapis.com/auth/cloudplatformprojects.readonly","https://www.googleapis.com/auth/firebase","https://www.googleapis.com/auth/cloud-platform"]
[debug] [2026-03-22T17:33:17.671Z] > authorizing via signed-in user (sunilchowdary35@gmail.com)
[debug] [2026-03-22T17:33:17.672Z] [iam] checking project cricket-prediction-app-a0f1c for permissions ["cloudfunctions.functions.create","cloudfunctions.functions.delete","cloudfunctions.functions.get","cloudfunctions.functions.list","cloudfunctions.functions.update","cloudfunctions.operations.get","firebase.projects.get"]
[debug] [2026-03-22T17:33:17.677Z] Checked if tokens are valid: true, expires at: 1774203736991
[debug] [2026-03-22T17:33:17.677Z] Checked if tokens are valid: true, expires at: 1774203736991
[debug] [2026-03-22T17:33:17.681Z] >>> [apiv2][query] POST https://cloudresourcemanager.googleapis.com/v1/projects/cricket-prediction-app-a0f1c:testIamPermissions [none]
[debug] [2026-03-22T17:33:17.682Z] >>> [apiv2][(partial)header] POST https://cloudresourcemanager.googleapis.com/v1/projects/cricket-prediction-app-a0f1c:testIamPermissions  x-goog-user-project=cricket-prediction-app-a0f1c
[debug] [2026-03-22T17:33:17.682Z] >>> [apiv2][body] POST https://cloudresourcemanager.googleapis.com/v1/projects/cricket-prediction-app-a0f1c:testIamPermissions {"permissions":["cloudfunctions.functions.create","cloudfunctions.functions.delete","cloudfunctions.functions.get","cloudfunctions.functions.list","cloudfunctions.functions.update","cloudfunctions.operations.get","firebase.projects.get"]}
[debug] [2026-03-22T17:33:19.646Z] <<< [apiv2][status] POST https://cloudresourcemanager.googleapis.com/v1/projects/cricket-prediction-app-a0f1c:testIamPermissions 200
[debug] [2026-03-22T17:33:19.647Z] <<< [apiv2][body] POST https://cloudresourcemanager.googleapis.com/v1/projects/cricket-prediction-app-a0f1c:testIamPermissions {"permissions":["cloudfunctions.functions.create","cloudfunctions.functions.delete","cloudfunctions.functions.get","cloudfunctions.functions.list","cloudfunctions.functions.update","cloudfunctions.operations.get","firebase.projects.get"]}
[debug] [2026-03-22T17:33:19.649Z] Checked if tokens are valid: true, expires at: 1774203736991
[debug] [2026-03-22T17:33:19.649Z] Checked if tokens are valid: true, expires at: 1774203736991
[debug] [2026-03-22T17:33:19.650Z] >>> [apiv2][query] POST https://iam.googleapis.com/v1/projects/cricket-prediction-app-a0f1c/serviceAccounts/cricket-prediction-app-a0f1c@appspot.gserviceaccount.com:testIamPermissions [none]
[debug] [2026-03-22T17:33:19.650Z] >>> [apiv2][body] POST https://iam.googleapis.com/v1/projects/cricket-prediction-app-a0f1c/serviceAccounts/cricket-prediction-app-a0f1c@appspot.gserviceaccount.com:testIamPermissions {"permissions":["iam.serviceAccounts.actAs"]}
[debug] [2026-03-22T17:33:21.386Z] <<< [apiv2][status] POST https://iam.googleapis.com/v1/projects/cricket-prediction-app-a0f1c/serviceAccounts/cricket-prediction-app-a0f1c@appspot.gserviceaccount.com:testIamPermissions 200
[debug] [2026-03-22T17:33:21.386Z] <<< [apiv2][body] POST https://iam.googleapis.com/v1/projects/cricket-prediction-app-a0f1c/serviceAccounts/cricket-prediction-app-a0f1c@appspot.gserviceaccount.com:testIamPermissions {"permissions":["iam.serviceAccounts.actAs"]}
[info] 
[info] === Deploying to 'cricket-prediction-app-a0f1c'...
[info] 
[info] i  deploying functions 
[info] Running command: npm --prefix "$RESOURCE_DIR" run build
[info] ✔  functions: Finished running predeploy script. 
[debug] [2026-03-22T17:33:26.858Z] Checked if tokens are valid: true, expires at: 1774203736991
[debug] [2026-03-22T17:33:26.858Z] Checked if tokens are valid: true, expires at: 1774203736991
[debug] [2026-03-22T17:33:26.858Z] >>> [apiv2][query] GET https://cloudresourcemanager.googleapis.com/v1/projects/cricket-prediction-app-a0f1c [none]
[debug] [2026-03-22T17:33:28.581Z] <<< [apiv2][status] GET https://cloudresourcemanager.googleapis.com/v1/projects/cricket-prediction-app-a0f1c 200
[debug] [2026-03-22T17:33:28.582Z] <<< [apiv2][body] GET https://cloudresourcemanager.googleapis.com/v1/projects/cricket-prediction-app-a0f1c {"projectNumber":"735213023668","projectId":"cricket-prediction-app-a0f1c","lifecycleState":"ACTIVE","name":"Cricket Prediction App","labels":{"firebase":"enabled","firebase-core":"disabled"},"createTime":"2026-02-21T10:57:43.504786Z"}
[info] i  functions: preparing codebase default for deployment 
[info] i  functions: ensuring required API cloudfunctions.googleapis.com is enabled... 
[info] i  functions: ensuring required API cloudbuild.googleapis.com is enabled... 
[info] i  artifactregistry: ensuring required API artifactregistry.googleapis.com is enabled... 
[debug] [2026-03-22T17:33:28.588Z] Checked if tokens are valid: true, expires at: 1774203736991
[debug] [2026-03-22T17:33:28.588Z] Checked if tokens are valid: true, expires at: 1774203736991
[debug] [2026-03-22T17:33:28.589Z] >>> [apiv2][query] GET https://firebase.googleapis.com/v1beta1/projects/cricket-prediction-app-a0f1c/adminSdkConfig [none]
[debug] [2026-03-22T17:33:29.225Z] <<< [apiv2][status] GET https://firebase.googleapis.com/v1beta1/projects/cricket-prediction-app-a0f1c/adminSdkConfig 200
[debug] [2026-03-22T17:33:29.226Z] <<< [apiv2][body] GET https://firebase.googleapis.com/v1beta1/projects/cricket-prediction-app-a0f1c/adminSdkConfig {"projectId":"cricket-prediction-app-a0f1c","databaseURL":"https://cricket-prediction-app-a0f1c-default-rtdb.firebaseio.com","storageBucket":"cricket-prediction-app-a0f1c.firebasestorage.app"}
[debug] [2026-03-22T17:33:29.230Z] Validating nodejs source
[debug] [2026-03-22T17:33:30.826Z] > [functions] package.json contents: {
  "name": "functions",
  "scripts": {
    "build": "tsc",
    "build:watch": "tsc --watch",
    "serve": "npm run build && firebase emulators:start --only functions",
    "shell": "npm run build && firebase functions:shell",
    "start": "npm run shell",
    "deploy": "firebase deploy --only functions",
    "logs": "firebase functions:log"
  },
  "engines": {
    "node": "22"
  },
  "main": "lib/index.js",
  "dependencies": {
    "@react-native-firebase/firestore": "^23.8.8",
    "axios": "^1.13.5",
    "dotenv": "^17.3.1",
    "firebase-admin": "^13.6.0",
    "firebase-functions": "^7.2.2"
  },
  "devDependencies": {
    "firebase-functions-test": "^3.4.1",
    "firebase-tools": "^15.11.0",
    "typescript": "^5.7.3"
  },
  "private": true
}
[debug] [2026-03-22T17:33:30.826Z] Building nodejs source
[info] i  functions: Loading and analyzing source code for codebase default to determine what to deploy 
[debug] [2026-03-22T17:33:30.831Z] Could not find functions.yaml. Must use http discovery
[debug] [2026-03-22T17:33:30.857Z] Found firebase-functions binary at '/home/anil/mar_1/CricketPredictionApp/functions/node_modules/.bin/firebase-functions'
[info] Serving at port 8558

[info] {"structuredData":true,"severity":"INFO","message":"Cricket Functions ready ✅"}

[debug] [2026-03-22T17:33:32.338Z] Got response from /__/functions.yaml {"endpoints":{"cricketMaster":{"availableMemoryMb":256,"timeoutSeconds":120,"minInstances":null,"maxInstances":10,"ingressSettings":null,"concurrency":null,"serviceAccountEmail":null,"vpc":null,"platform":"gcfv2","region":["us-central1"],"labels":{},"scheduleTrigger":{"schedule":"every 2 minutes","retryConfig":{}},"entryPoint":"cricketMaster"},"predictMatch":{"availableMemoryMb":null,"timeoutSeconds":null,"minInstances":null,"maxInstances":10,"ingressSettings":null,"concurrency":null,"serviceAccountEmail":null,"vpc":null,"platform":"gcfv2","secretEnvironmentVariables":[{"key":"FUNCTIONS_CONFIG_EXPORT"}],"labels":{},"callableTrigger":{},"entryPoint":"predictMatch"}},"specVersion":"v1alpha1","requiredAPIs":[{"api":"cloudscheduler.googleapis.com","reason":"Needed for scheduled functions."}],"extensions":{},"params":[{"type":"secret","name":"FUNCTIONS_CONFIG_EXPORT"}]}
[info] i  extensions: ensuring required API firebaseextensions.googleapis.com is enabled... 
[debug] [2026-03-22T17:33:36.423Z] > command requires scopes: ["email","openid","https://www.googleapis.com/auth/cloudplatformprojects.readonly","https://www.googleapis.com/auth/firebase","https://www.googleapis.com/auth/cloud-platform"]
[debug] [2026-03-22T17:33:36.424Z] > authorizing via signed-in user (sunilchowdary35@gmail.com)
[debug] [2026-03-22T17:33:36.424Z] [iam] checking project cricket-prediction-app-a0f1c for permissions ["firebase.projects.get","firebaseextensions.instances.list"]
[debug] [2026-03-22T17:33:36.425Z] Checked if tokens are valid: true, expires at: 1774203736991
[debug] [2026-03-22T17:33:36.425Z] Checked if tokens are valid: true, expires at: 1774203736991
[debug] [2026-03-22T17:33:36.426Z] >>> [apiv2][query] POST https://cloudresourcemanager.googleapis.com/v1/projects/cricket-prediction-app-a0f1c:testIamPermissions [none]
[debug] [2026-03-22T17:33:36.426Z] >>> [apiv2][(partial)header] POST https://cloudresourcemanager.googleapis.com/v1/projects/cricket-prediction-app-a0f1c:testIamPermissions  x-goog-user-project=cricket-prediction-app-a0f1c
[debug] [2026-03-22T17:33:36.426Z] >>> [apiv2][body] POST https://cloudresourcemanager.googleapis.com/v1/projects/cricket-prediction-app-a0f1c:testIamPermissions {"permissions":["firebase.projects.get","firebaseextensions.instances.list"]}
[debug] [2026-03-22T17:33:38.161Z] <<< [apiv2][status] POST https://cloudresourcemanager.googleapis.com/v1/projects/cricket-prediction-app-a0f1c:testIamPermissions 200
[debug] [2026-03-22T17:33:38.162Z] <<< [apiv2][body] POST https://cloudresourcemanager.googleapis.com/v1/projects/cricket-prediction-app-a0f1c:testIamPermissions {"permissions":["firebase.projects.get","firebaseextensions.instances.list"]}
[debug] [2026-03-22T17:33:38.163Z] Checked if tokens are valid: true, expires at: 1774203736991
[debug] [2026-03-22T17:33:38.163Z] Checked if tokens are valid: true, expires at: 1774203736991
[debug] [2026-03-22T17:33:38.164Z] >>> [apiv2][query] GET https://firebaseextensions.googleapis.com/v1beta/projects/cricket-prediction-app-a0f1c/instances pageSize=100&pageToken=
[debug] [2026-03-22T17:33:40.060Z] <<< [apiv2][status] GET https://firebaseextensions.googleapis.com/v1beta/projects/cricket-prediction-app-a0f1c/instances 200
[debug] [2026-03-22T17:33:40.060Z] <<< [apiv2][body] GET https://firebaseextensions.googleapis.com/v1beta/projects/cricket-prediction-app-a0f1c/instances {}
[debug] [2026-03-22T17:33:40.064Z] Checked if tokens are valid: true, expires at: 1774203736991
[debug] [2026-03-22T17:33:40.064Z] Checked if tokens are valid: true, expires at: 1774203736991
[debug] [2026-03-22T17:33:40.065Z] >>> [apiv2][query] GET https://secretmanager.googleapis.com/v1/projects/cricket-prediction-app-a0f1c/secrets/FUNCTIONS_CONFIG_EXPORT [none]
[debug] [2026-03-22T17:33:40.881Z] <<< [apiv2][status] GET https://secretmanager.googleapis.com/v1/projects/cricket-prediction-app-a0f1c/secrets/FUNCTIONS_CONFIG_EXPORT 200
[debug] [2026-03-22T17:33:40.881Z] <<< [apiv2][body] GET https://secretmanager.googleapis.com/v1/projects/cricket-prediction-app-a0f1c/secrets/FUNCTIONS_CONFIG_EXPORT {"name":"projects/735213023668/secrets/FUNCTIONS_CONFIG_EXPORT","replication":{"automatic":{}},"createTime":"2026-02-21T11:28:38.644684Z","labels":{"firebase-managed":"functions"},"etag":"\"164b53d6ebd141\""}
[debug] [2026-03-22T17:33:40.883Z] Checked if tokens are valid: true, expires at: 1774203736991
[debug] [2026-03-22T17:33:40.883Z] Checked if tokens are valid: true, expires at: 1774203736991
[debug] [2026-03-22T17:33:40.883Z] >>> [apiv2][query] GET https://secretmanager.googleapis.com/v1/projects/cricket-prediction-app-a0f1c/secrets/FUNCTIONS_CONFIG_EXPORT/versions/latest [none]
[debug] [2026-03-22T17:33:41.364Z] <<< [apiv2][status] GET https://secretmanager.googleapis.com/v1/projects/cricket-prediction-app-a0f1c/secrets/FUNCTIONS_CONFIG_EXPORT/versions/latest 200
[debug] [2026-03-22T17:33:41.364Z] <<< [apiv2][body] GET https://secretmanager.googleapis.com/v1/projects/cricket-prediction-app-a0f1c/secrets/FUNCTIONS_CONFIG_EXPORT/versions/latest {"name":"projects/735213023668/secrets/FUNCTIONS_CONFIG_EXPORT/versions/1","createTime":"2026-02-21T11:28:45.310544Z","state":"ENABLED","replicationStatus":{"automatic":{}},"etag":"\"164b53d7369250\""}
[info] i  functions: preparing functions directory for uploading... 
[info] i  functions: packaged /home/anil/mar_1/CricketPredictionApp/functions (175.39 KB) for uploading 
[debug] [2026-03-22T17:33:41.552Z] Checked if tokens are valid: true, expires at: 1774203736991
[debug] [2026-03-22T17:33:41.552Z] Checked if tokens are valid: true, expires at: 1774203736991
[debug] [2026-03-22T17:33:41.552Z] >>> [apiv2][query] GET https://cloudfunctions.googleapis.com/v1/projects/cricket-prediction-app-a0f1c/locations/-/functions [none]
[debug] [2026-03-22T17:33:42.634Z] <<< [apiv2][status] GET https://cloudfunctions.googleapis.com/v1/projects/cricket-prediction-app-a0f1c/locations/-/functions 200
[debug] [2026-03-22T17:33:42.635Z] <<< [apiv2][body] GET https://cloudfunctions.googleapis.com/v1/projects/cricket-prediction-app-a0f1c/locations/-/functions {}
[debug] [2026-03-22T17:33:42.637Z] Checked if tokens are valid: true, expires at: 1774203736991
[debug] [2026-03-22T17:33:42.638Z] Checked if tokens are valid: true, expires at: 1774203736991
[debug] [2026-03-22T17:33:42.638Z] >>> [apiv2][query] GET https://cloudfunctions.googleapis.com/v2/projects/cricket-prediction-app-a0f1c/locations/-/functions filter=environment%3D%22GEN_2%22
[debug] [2026-03-22T17:33:44.367Z] <<< [apiv2][status] GET https://cloudfunctions.googleapis.com/v2/projects/cricket-prediction-app-a0f1c/locations/-/functions 200
[debug] [2026-03-22T17:33:44.367Z] <<< [apiv2][body] GET https://cloudfunctions.googleapis.com/v2/projects/cricket-prediction-app-a0f1c/locations/-/functions {"functions":[{"name":"projects/cricket-prediction-app-a0f1c/locations/us-central1/functions/predictMatch","buildConfig":{"build":"projects/735213023668/locations/us-central1/builds/2558aa49-583c-4a5c-bacb-753d32fbd8f6","runtime":"nodejs22","entryPoint":"predictMatch","source":{"storageSource":{"bucket":"gcf-v2-sources-735213023668-us-central1","object":"predictMatch/function-source.zip","generation":"1774200167205699"}},"environmentVariables":{"GOOGLE_NODE_RUN_SCRIPTS":""},"dockerRepository":"projects/cricket-prediction-app-a0f1c/locations/us-central1/repositories/gcf-artifacts","sourceProvenance":{"resolvedStorageSource":{"bucket":"gcf-v2-sources-735213023668-us-central1","object":"predictMatch/function-source.zip","generation":"1774200167205699"}},"dockerRegistry":"ARTIFACT_REGISTRY","serviceAccount":"projects/cricket-prediction-app-a0f1c/serviceAccounts/735213023668-compute@developer.gserviceaccount.com","automaticUpdatePolicy":{}},"serviceConfig":{"service":"projects/cricket-prediction-app-a0f1c/locations/us-central1/services/predictmatch","timeoutSeconds":60,"environmentVariables":{"FIREBASE_CONFIG":"{\"projectId\":\"cricket-prediction-app-a0f1c\",\"databaseURL\":\"https://cricket-prediction-app-a0f1c-default-rtdb.firebaseio.com\",\"storageBucket\":\"cricket-prediction-app-a0f1c.firebasestorage.app\"}","GCLOUD_PROJECT":"cricket-prediction-app-a0f1c","EVENTARC_CLOUD_EVENT_SOURCE":"projects/cricket-prediction-app-a0f1c/locations/us-central1/services/predictMatch","FUNCTION_TARGET":"predictMatch","LOG_EXECUTION_ID":"true"},"maxInstanceCount":10,"ingressSettings":"ALLOW_ALL","uri":"https://predictmatch-bln23it7tq-uc.a.run.app","serviceAccountEmail":"735213023668-compute@developer.gserviceaccount.com","availableMemory":"256Mi","allTrafficOnLatestRevision":true,"secretEnvironmentVariables":[{"key":"FUNCTIONS_CONFIG_EXPORT","projectId":"cricket-prediction-app-a0f1c","secret":"FUNCTIONS_CONFIG_EXPORT","version":"1"}],"revision":"predictmatch-00011-jib","maxInstanceRequestConcurrency":80,"availableCpu":"1"},"state":"ACTIVE","updateTime":"2026-03-22T17:23:55.563104984Z","labels":{"deployment-callable":"true","firebase-functions-hash":"2b558590999cfdba58981b6d9cbe46202bd80c71","deployment-tool":"cli-firebase"},"environment":"GEN_2","url":"https://us-central1-cricket-prediction-app-a0f1c.cloudfunctions.net/predictMatch","createTime":"2026-02-21T11:37:26.338765701Z","satisfiesPzi":true},{"name":"projects/cricket-prediction-app-a0f1c/locations/us-central1/functions/cricketMaster","buildConfig":{"build":"projects/735213023668/locations/us-central1/builds/4d5a9142-4a33-4779-b716-929b092103fb","runtime":"nodejs22","entryPoint":"cricketMaster","source":{"storageSource":{"bucket":"gcf-v2-sources-735213023668-us-central1","object":"cricketMaster/function-source.zip","generation":"1774200165990369"}},"environmentVariables":{"GOOGLE_NODE_RUN_SCRIPTS":""},"dockerRepository":"projects/cricket-prediction-app-a0f1c/locations/us-central1/repositories/gcf-artifacts","sourceProvenance":{"resolvedStorageSource":{"bucket":"gcf-v2-sources-735213023668-us-central1","object":"cricketMaster/function-source.zip","generation":"1774200165990369"}},"dockerRegistry":"ARTIFACT_REGISTRY","serviceAccount":"projects/cricket-prediction-app-a0f1c/serviceAccounts/735213023668-compute@developer.gserviceaccount.com","automaticUpdatePolicy":{}},"serviceConfig":{"service":"projects/cricket-prediction-app-a0f1c/locations/us-central1/services/cricketmaster","timeoutSeconds":120,"environmentVariables":{"FIREBASE_CONFIG":"{\"projectId\":\"cricket-prediction-app-a0f1c\",\"databaseURL\":\"https://cricket-prediction-app-a0f1c-default-rtdb.firebaseio.com\",\"storageBucket\":\"cricket-prediction-app-a0f1c.firebasestorage.app\"}","GCLOUD_PROJECT":"cricket-prediction-app-a0f1c","EVENTARC_CLOUD_EVENT_SOURCE":"projects/cricket-prediction-app-a0f1c/locations/us-central1/services/cricketMaster","FUNCTION_TARGET":"cricketMaster","LOG_EXECUTION_ID":"true"},"maxInstanceCount":10,"ingressSettings":"ALLOW_ALL","uri":"https://cricketmaster-bln23it7tq-uc.a.run.app","serviceAccountEmail":"735213023668-compute@developer.gserviceaccount.com","availableMemory":"256Mi","allTrafficOnLatestRevision":true,"revision":"cricketmaster-00003-xez","maxInstanceRequestConcurrency":80,"availableCpu":"1"},"state":"ACTIVE","updateTime":"2026-03-22T17:23:49.255429077Z","labels":{"deployment-scheduled":"true","firebase-functions-hash":"810cae36f59d428a2a9f00a940cf6d1996d6e61c","deployment-tool":"cli-firebase"},"environment":"GEN_2","url":"https://us-central1-cricket-prediction-app-a0f1c.cloudfunctions.net/cricketMaster","createTime":"2026-03-22T15:02:51.075059490Z","satisfiesPzi":true}]}
[info] i  functions: ensuring required API cloudscheduler.googleapis.com is enabled... 
[info] i  functions: ensuring required API run.googleapis.com is enabled... 
[info] i  functions: ensuring required API eventarc.googleapis.com is enabled... 
[info] i  functions: ensuring required API pubsub.googleapis.com is enabled... 
[info] i  functions: ensuring required API storage.googleapis.com is enabled... 
[info] i  functions: generating the service identity for pubsub.googleapis.com... 
[debug] [2026-03-22T17:33:44.383Z] Checked if tokens are valid: true, expires at: 1774203736991
[debug] [2026-03-22T17:33:44.384Z] Checked if tokens are valid: true, expires at: 1774203736991
[info] i  functions: generating the service identity for eventarc.googleapis.com... 
[debug] [2026-03-22T17:33:44.385Z] Checked if tokens are valid: true, expires at: 1774203736991
[debug] [2026-03-22T17:33:44.385Z] Checked if tokens are valid: true, expires at: 1774203736991
[debug] [2026-03-22T17:33:44.386Z] >>> [apiv2][query] POST https://serviceusage.googleapis.com/v1beta1/projects/735213023668/services/pubsub.googleapis.com:generateServiceIdentity [none]
[debug] [2026-03-22T17:33:44.386Z] >>> [apiv2][(partial)header] POST https://serviceusage.googleapis.com/v1beta1/projects/735213023668/services/pubsub.googleapis.com:generateServiceIdentity  x-goog-user-project=735213023668
[debug] [2026-03-22T17:33:44.387Z] >>> [apiv2][body] POST https://serviceusage.googleapis.com/v1beta1/projects/735213023668/services/pubsub.googleapis.com:generateServiceIdentity {}
[debug] [2026-03-22T17:33:44.394Z] >>> [apiv2][query] POST https://serviceusage.googleapis.com/v1beta1/projects/735213023668/services/eventarc.googleapis.com:generateServiceIdentity [none]
[debug] [2026-03-22T17:33:44.394Z] >>> [apiv2][(partial)header] POST https://serviceusage.googleapis.com/v1beta1/projects/735213023668/services/eventarc.googleapis.com:generateServiceIdentity  x-goog-user-project=735213023668
[debug] [2026-03-22T17:33:44.394Z] >>> [apiv2][body] POST https://serviceusage.googleapis.com/v1beta1/projects/735213023668/services/eventarc.googleapis.com:generateServiceIdentity {}
[debug] [2026-03-22T17:33:46.399Z] <<< [apiv2][status] POST https://serviceusage.googleapis.com/v1beta1/projects/735213023668/services/pubsub.googleapis.com:generateServiceIdentity 200
[debug] [2026-03-22T17:33:46.400Z] <<< [apiv2][body] POST https://serviceusage.googleapis.com/v1beta1/projects/735213023668/services/pubsub.googleapis.com:generateServiceIdentity {"name":"operations/finished.DONE_OPERATION","done":true,"response":{"@type":"type.googleapis.com/google.api.serviceusage.v1beta1.ServiceIdentity","email":"service-735213023668@gcp-sa-pubsub.iam.gserviceaccount.com","uniqueId":"108301199229496176140"}}
[debug] [2026-03-22T17:33:46.403Z] <<< [apiv2][status] POST https://serviceusage.googleapis.com/v1beta1/projects/735213023668/services/eventarc.googleapis.com:generateServiceIdentity 200
[debug] [2026-03-22T17:33:46.403Z] <<< [apiv2][body] POST https://serviceusage.googleapis.com/v1beta1/projects/735213023668/services/eventarc.googleapis.com:generateServiceIdentity {"name":"operations/finished.DONE_OPERATION","done":true,"response":{"@type":"type.googleapis.com/google.api.serviceusage.v1beta1.ServiceIdentity","email":"service-735213023668@gcp-sa-eventarc.iam.gserviceaccount.com","uniqueId":"116253427507438775436"}}
[info] i  functions: ensuring required API secretmanager.googleapis.com is enabled... 
[debug] [2026-03-22T17:33:46.411Z] Checked if tokens are valid: true, expires at: 1774203736991
[debug] [2026-03-22T17:33:46.412Z] Checked if tokens are valid: true, expires at: 1774203736991
[debug] [2026-03-22T17:33:46.413Z] >>> [apiv2][query] GET https://secretmanager.googleapis.com/v1/projects/cricket-prediction-app-a0f1c/secrets/FUNCTIONS_CONFIG_EXPORT/versions/latest [none]
[debug] [2026-03-22T17:33:46.982Z] <<< [apiv2][status] GET https://secretmanager.googleapis.com/v1/projects/cricket-prediction-app-a0f1c/secrets/FUNCTIONS_CONFIG_EXPORT/versions/latest 200
[debug] [2026-03-22T17:33:46.982Z] <<< [apiv2][body] GET https://secretmanager.googleapis.com/v1/projects/cricket-prediction-app-a0f1c/secrets/FUNCTIONS_CONFIG_EXPORT/versions/latest {"name":"projects/735213023668/secrets/FUNCTIONS_CONFIG_EXPORT/versions/1","createTime":"2026-02-21T11:28:45.310544Z","state":"ENABLED","replicationStatus":{"automatic":{}},"etag":"\"164b53d7369250\""}
[debug] [2026-03-22T17:33:46.983Z] Resolved secret version of FUNCTIONS_CONFIG_EXPORT to 1.
[debug] [2026-03-22T17:33:46.986Z] Checked if tokens are valid: true, expires at: 1774203736991
[debug] [2026-03-22T17:33:46.986Z] Checked if tokens are valid: true, expires at: 1774203736991
[debug] [2026-03-22T17:33:46.986Z] >>> [apiv2][query] GET https://cloudresourcemanager.googleapis.com/v1/projects/cricket-prediction-app-a0f1c [none]
[debug] [2026-03-22T17:33:48.654Z] <<< [apiv2][status] GET https://cloudresourcemanager.googleapis.com/v1/projects/cricket-prediction-app-a0f1c 200
[debug] [2026-03-22T17:33:48.654Z] <<< [apiv2][body] GET https://cloudresourcemanager.googleapis.com/v1/projects/cricket-prediction-app-a0f1c {"projectNumber":"735213023668","projectId":"cricket-prediction-app-a0f1c","lifecycleState":"ACTIVE","name":"Cricket Prediction App","labels":{"firebase":"enabled","firebase-core":"disabled"},"createTime":"2026-02-21T10:57:43.504786Z"}
[debug] [2026-03-22T17:33:48.655Z] Checked if tokens are valid: true, expires at: 1774203736991
[debug] [2026-03-22T17:33:48.655Z] Checked if tokens are valid: true, expires at: 1774203736991
[debug] [2026-03-22T17:33:48.655Z] >>> [apiv2][query] GET https://compute.googleapis.com/compute/v1/projects/735213023668 [none]
[debug] [2026-03-22T17:33:49.364Z] <<< [apiv2][status] GET https://compute.googleapis.com/compute/v1/projects/735213023668 403
[debug] [2026-03-22T17:33:49.365Z] <<< [apiv2][body] GET https://compute.googleapis.com/compute/v1/projects/735213023668 {"error":{"code":403,"message":"Compute Engine API has not been used in project 735213023668 before or it is disabled. Enable it by visiting https://console.developers.google.com/apis/api/compute.googleapis.com/overview?project=735213023668 then retry. If you enabled this API recently, wait a few minutes for the action to propagate to our systems and retry.","errors":[{"message":"Compute Engine API has not been used in project 735213023668 before or it is disabled. Enable it by visiting https://console.developers.google.com/apis/api/compute.googleapis.com/overview?project=735213023668 then retry. If you enabled this API recently, wait a few minutes for the action to propagate to our systems and retry.","domain":"usageLimits","reason":"accessNotConfigured","extendedHelp":"https://console.developers.google.com"}],"status":"PERMISSION_DENIED","details":[{"@type":"type.googleapis.com/google.rpc.ErrorInfo","reason":"SERVICE_DISABLED","domain":"googleapis.com","metadata":{"consumer":"projects/735213023668","serviceTitle":"Compute Engine API","containerInfo":"735213023668","service":"compute.googleapis.com","activationUrl":"https://console.developers.google.com/apis/api/compute.googleapis.com/overview?project=735213023668"}},{"@type":"type.googleapis.com/google.rpc.LocalizedMessage","locale":"en-US","message":"Compute Engine API has not been used in project 735213023668 before or it is disabled. Enable it by visiting https://console.developers.google.com/apis/api/compute.googleapis.com/overview?project=735213023668 then retry. If you enabled this API recently, wait a few minutes for the action to propagate to our systems and retry."},{"@type":"type.googleapis.com/google.rpc.Help","links":[{"description":"Google developers console API activation","url":"https://console.developers.google.com/apis/api/compute.googleapis.com/overview?project=735213023668"}]}]}}
[debug] [2026-03-22T17:33:49.367Z] unable to look up default compute service account. Falling back to 735213023668-compute@developer.gserviceaccount.com. Error: {"name":"FirebaseError","children":[],"context":{"body":{"error":{"code":403,"message":"Compute Engine API has not been used in project 735213023668 before or it is disabled. Enable it by visiting https://console.developers.google.com/apis/api/compute.googleapis.com/overview?project=735213023668 then retry. If you enabled this API recently, wait a few minutes for the action to propagate to our systems and retry.","errors":[{"message":"Compute Engine API has not been used in project 735213023668 before or it is disabled. Enable it by visiting https://console.developers.google.com/apis/api/compute.googleapis.com/overview?project=735213023668 then retry. If you enabled this API recently, wait a few minutes for the action to propagate to our systems and retry.","domain":"usageLimits","reason":"accessNotConfigured","extendedHelp":"https://console.developers.google.com"}],"status":"PERMISSION_DENIED","details":[{"@type":"type.googleapis.com/google.rpc.ErrorInfo","reason":"SERVICE_DISABLED","domain":"googleapis.com","metadata":{"consumer":"projects/735213023668","serviceTitle":"Compute Engine API","containerInfo":"735213023668","service":"compute.googleapis.com","activationUrl":"https://console.developers.google.com/apis/api/compute.googleapis.com/overview?project=735213023668"}},{"@type":"type.googleapis.com/google.rpc.LocalizedMessage","locale":"en-US","message":"Compute Engine API has not been used in project 735213023668 before or it is disabled. Enable it by visiting https://console.developers.google.com/apis/api/compute.googleapis.com/overview?project=735213023668 then retry. If you enabled this API recently, wait a few minutes for the action to propagate to our systems and retry."},{"@type":"type.googleapis.com/google.rpc.Help","links":[{"description":"Google developers console API activation","url":"https://console.developers.google.com/apis/api/compute.googleapis.com/overview?project=735213023668"}]}]}},"response":{"statusCode":403}},"exit":1,"message":"Request to https://compute.googleapis.com/compute/v1/projects/735213023668 had HTTP Error: 403, Compute Engine API has not been used in project 735213023668 before or it is disabled. Enable it by visiting https://console.developers.google.com/apis/api/compute.googleapis.com/overview?project=735213023668 then retry. If you enabled this API recently, wait a few minutes for the action to propagate to our systems and retry.","status":403}
[debug] [2026-03-22T17:33:49.367Z] Checked if tokens are valid: true, expires at: 1774203736991
[debug] [2026-03-22T17:33:49.367Z] Checked if tokens are valid: true, expires at: 1774203736991
[debug] [2026-03-22T17:33:49.368Z] >>> [apiv2][query] GET https://compute.googleapis.com/compute/v1/projects/735213023668 [none]
[debug] [2026-03-22T17:33:49.684Z] <<< [apiv2][status] GET https://compute.googleapis.com/compute/v1/projects/735213023668 403
[debug] [2026-03-22T17:33:49.685Z] <<< [apiv2][body] GET https://compute.googleapis.com/compute/v1/projects/735213023668 {"error":{"code":403,"message":"Compute Engine API has not been used in project 735213023668 before or it is disabled. Enable it by visiting https://console.developers.google.com/apis/api/compute.googleapis.com/overview?project=735213023668 then retry. If you enabled this API recently, wait a few minutes for the action to propagate to our systems and retry.","errors":[{"message":"Compute Engine API has not been used in project 735213023668 before or it is disabled. Enable it by visiting https://console.developers.google.com/apis/api/compute.googleapis.com/overview?project=735213023668 then retry. If you enabled this API recently, wait a few minutes for the action to propagate to our systems and retry.","domain":"usageLimits","reason":"accessNotConfigured","extendedHelp":"https://console.developers.google.com"}],"status":"PERMISSION_DENIED","details":[{"@type":"type.googleapis.com/google.rpc.ErrorInfo","reason":"SERVICE_DISABLED","domain":"googleapis.com","metadata":{"containerInfo":"735213023668","consumer":"projects/735213023668","serviceTitle":"Compute Engine API","activationUrl":"https://console.developers.google.com/apis/api/compute.googleapis.com/overview?project=735213023668","service":"compute.googleapis.com"}},{"@type":"type.googleapis.com/google.rpc.LocalizedMessage","locale":"en-US","message":"Compute Engine API has not been used in project 735213023668 before or it is disabled. Enable it by visiting https://console.developers.google.com/apis/api/compute.googleapis.com/overview?project=735213023668 then retry. If you enabled this API recently, wait a few minutes for the action to propagate to our systems and retry."},{"@type":"type.googleapis.com/google.rpc.Help","links":[{"description":"Google developers console API activation","url":"https://console.developers.google.com/apis/api/compute.googleapis.com/overview?project=735213023668"}]}]}}
[debug] [2026-03-22T17:33:49.685Z] unable to look up default compute service account. Falling back to 735213023668-compute@developer.gserviceaccount.com. Error: {"name":"FirebaseError","children":[],"context":{"body":{"error":{"code":403,"message":"Compute Engine API has not been used in project 735213023668 before or it is disabled. Enable it by visiting https://console.developers.google.com/apis/api/compute.googleapis.com/overview?project=735213023668 then retry. If you enabled this API recently, wait a few minutes for the action to propagate to our systems and retry.","errors":[{"message":"Compute Engine API has not been used in project 735213023668 before or it is disabled. Enable it by visiting https://console.developers.google.com/apis/api/compute.googleapis.com/overview?project=735213023668 then retry. If you enabled this API recently, wait a few minutes for the action to propagate to our systems and retry.","domain":"usageLimits","reason":"accessNotConfigured","extendedHelp":"https://console.developers.google.com"}],"status":"PERMISSION_DENIED","details":[{"@type":"type.googleapis.com/google.rpc.ErrorInfo","reason":"SERVICE_DISABLED","domain":"googleapis.com","metadata":{"containerInfo":"735213023668","consumer":"projects/735213023668","serviceTitle":"Compute Engine API","activationUrl":"https://console.developers.google.com/apis/api/compute.googleapis.com/overview?project=735213023668","service":"compute.googleapis.com"}},{"@type":"type.googleapis.com/google.rpc.LocalizedMessage","locale":"en-US","message":"Compute Engine API has not been used in project 735213023668 before or it is disabled. Enable it by visiting https://console.developers.google.com/apis/api/compute.googleapis.com/overview?project=735213023668 then retry. If you enabled this API recently, wait a few minutes for the action to propagate to our systems and retry."},{"@type":"type.googleapis.com/google.rpc.Help","links":[{"description":"Google developers console API activation","url":"https://console.developers.google.com/apis/api/compute.googleapis.com/overview?project=735213023668"}]}]}},"response":{"statusCode":403}},"exit":1,"message":"Request to https://compute.googleapis.com/compute/v1/projects/735213023668 had HTTP Error: 403, Compute Engine API has not been used in project 735213023668 before or it is disabled. Enable it by visiting https://console.developers.google.com/apis/api/compute.googleapis.com/overview?project=735213023668 then retry. If you enabled this API recently, wait a few minutes for the action to propagate to our systems and retry.","status":403}
[debug] [2026-03-22T17:33:49.689Z] Checked if tokens are valid: true, expires at: 1774203736991
[debug] [2026-03-22T17:33:49.690Z] Checked if tokens are valid: true, expires at: 1774203736991
[debug] [2026-03-22T17:33:49.690Z] >>> [apiv2][query] GET https://cloudbilling.googleapis.com/v1/projects/cricket-prediction-app-a0f1c/billingInfo [none]
[debug] [2026-03-22T17:33:50.307Z] <<< [apiv2][status] GET https://cloudbilling.googleapis.com/v1/projects/cricket-prediction-app-a0f1c/billingInfo 200
[debug] [2026-03-22T17:33:50.307Z] <<< [apiv2][body] GET https://cloudbilling.googleapis.com/v1/projects/cricket-prediction-app-a0f1c/billingInfo {"name":"projects/cricket-prediction-app-a0f1c/billingInfo","projectId":"cricket-prediction-app-a0f1c","billingAccountName":"billingAccounts/018633-AFC30C-C95204","billingEnabled":true}
[debug] [2026-03-22T17:33:50.313Z] Checked if tokens are valid: true, expires at: 1774203736991
[debug] [2026-03-22T17:33:50.313Z] Checked if tokens are valid: true, expires at: 1774203736991
[debug] [2026-03-22T17:33:50.313Z] >>> [apiv2][query] POST https://cloudfunctions.googleapis.com/v2/projects/cricket-prediction-app-a0f1c/locations/us-central1/functions:generateUploadUrl [none]
[debug] [2026-03-22T17:33:51.939Z] <<< [apiv2][status] POST https://cloudfunctions.googleapis.com/v2/projects/cricket-prediction-app-a0f1c/locations/us-central1/functions:generateUploadUrl 200
[debug] [2026-03-22T17:33:51.940Z] <<< [apiv2][body] POST https://cloudfunctions.googleapis.com/v2/projects/cricket-prediction-app-a0f1c/locations/us-central1/functions:generateUploadUrl {"uploadUrl":"https://storage.googleapis.com/gcf-v2-uploads-735213023668.us-central1.cloudfunctions.appspot.com/616fea43-72ee-4263-86f5-89ed40d8d72b.zip?GoogleAccessId=service-735213023668@gcf-admin-robot.iam.gserviceaccount.com&Expires=1774202631&Signature=IIhSAESrD2XtT6BHrm%2BW3Vtl7DoMlEbaGAuX3OgJPRgEaKWMKezHFUCOm8A%2BgMW5En6Ql2bC46%2BVi6UEwvBTujNQEDR1sin2f%2BqHLfraGNVACbSquzKKITlUf8Ov3A3an431Kmr%2F3g7PSzzth7qOEk2qvASJM%2BsOR5D%2B5aWp%2FuNpzORVwITXq9zaEp0sotHqs1LSDv6f%2Fenxba%2Bx%2BcFvRIsrGesJ%2BM3aVMVemb6rkflUE9%2Bg9GZcWQVinvVSXzPOPldWyyF9CVqPJ%2B5Maa9LQpcS9cGFJ3viyQIMGNfluw5me7W9KwrPwj6K8cUOQa%2BRehhYHPQ8QfFyKtVUl962GA%3D%3D","storageSource":{"bucket":"gcf-v2-uploads-735213023668.us-central1.cloudfunctions.appspot.com","object":"616fea43-72ee-4263-86f5-89ed40d8d72b.zip"}}
[debug] [2026-03-22T17:33:51.942Z] >>> [apiv2][query] PUT https://storage.googleapis.com/gcf-v2-uploads-735213023668.us-central1.cloudfunctions.appspot.com/616fea43-72ee-4263-86f5-89ed40d8d72b.zip GoogleAccessId=service-735213023668%40gcf-admin-robot.iam.gserviceaccount.com&Expires=1774202631&Signature=IIhSAESrD2XtT6BHrm%2BW3Vtl7DoMlEbaGAuX3OgJPRgEaKWMKezHFUCOm8A%2BgMW5En6Ql2bC46%2BVi6UEwvBTujNQEDR1sin2f%2BqHLfraGNVACbSquzKKITlUf8Ov3A3an431Kmr%2F3g7PSzzth7qOEk2qvASJM%2BsOR5D%2B5aWp%2FuNpzORVwITXq9zaEp0sotHqs1LSDv6f%2Fenxba%2Bx%2BcFvRIsrGesJ%2BM3aVMVemb6rkflUE9%2Bg9GZcWQVinvVSXzPOPldWyyF9CVqPJ%2B5Maa9LQpcS9cGFJ3viyQIMGNfluw5me7W9KwrPwj6K8cUOQa%2BRehhYHPQ8QfFyKtVUl962GA%3D%3D
[debug] [2026-03-22T17:33:51.942Z] >>> [apiv2][body] PUT https://storage.googleapis.com/gcf-v2-uploads-735213023668.us-central1.cloudfunctions.appspot.com/616fea43-72ee-4263-86f5-89ed40d8d72b.zip [stream]
